###############################################################################
#
# IAR ELF Linker V9.30.1.335/W64 for ARM                  05/Dec/2022  22:16:57
# Copyright 2007-2022 IAR Systems AB.
#
#    Output file  =
#        C:\Users\손재성\SynologyDrive\부산대학교\학부수업\2022-2학기\임베디드시스템설계및실험\텀
#        프로젝트\smart_carrier\Debug\Exe\term_project.out
#    Map file     =
#        C:\Users\손재성\SynologyDrive\부산대학교\학부수업\2022-2학기\임베디드시스템설계및실험\텀
#        프로젝트\smart_carrier\Debug\List\term_project.map
#    Command line =
#        -f "C:\Users\손재성\SynologyDrive\부산대학교\학부수업\2022-2학기\임베디드시스템설계및실험\텀
#        프로젝트\smart_carrier\Debug\Exe\term_project.out.rsp"
#        ("C:\Users\손재성\SynologyDrive\부산대학교\학부수업\2022-2학기\임베디드시스템설계및실험\텀
#        프로젝트\smart_carrier\Debug\Obj\user\main.o"
#        "C:\Users\손재성\SynologyDrive\부산대학교\학부수업\2022-2학기\임베디드시스템설계및실험\텀
#        프로젝트\smart_carrier\Debug\Obj\libraries\STM32F10x_StdPeriph_Driver_v3.5\src\misc.o"
#        "C:\Users\손재성\SynologyDrive\부산대학교\학부수업\2022-2학기\임베디드시스템설계및실험\텀
#        프로젝트\smart_carrier\Debug\Obj\libraries\CMSIS\DeviceSupport\Startup\startup_stm32f10x_cl.o"
#        "C:\Users\손재성\SynologyDrive\부산대학교\학부수업\2022-2학기\임베디드시스템설계및실험\텀
#        프로젝트\smart_carrier\Debug\Obj\libraries\STM32F10x_StdPeriph_Driver_v3.5\src\stm32f10x_adc.o"
#        "C:\Users\손재성\SynologyDrive\부산대학교\학부수업\2022-2학기\임베디드시스템설계및실험\텀
#        프로젝트\smart_carrier\Debug\Obj\libraries\STM32F10x_StdPeriph_Driver_v3.5\src\stm32f10x_bkp.o"
#        "C:\Users\손재성\SynologyDrive\부산대학교\학부수업\2022-2학기\임베디드시스템설계및실험\텀
#        프로젝트\smart_carrier\Debug\Obj\libraries\STM32F10x_StdPeriph_Driver_v3.5\src\stm32f10x_can.o"
#        "C:\Users\손재성\SynologyDrive\부산대학교\학부수업\2022-2학기\임베디드시스템설계및실험\텀
#        프로젝트\smart_carrier\Debug\Obj\libraries\STM32F10x_StdPeriph_Driver_v3.5\src\stm32f10x_cec.o"
#        "C:\Users\손재성\SynologyDrive\부산대학교\학부수업\2022-2학기\임베디드시스템설계및실험\텀
#        프로젝트\smart_carrier\Debug\Obj\libraries\STM32F10x_StdPeriph_Driver_v3.5\src\stm32f10x_crc.o"
#        "C:\Users\손재성\SynologyDrive\부산대학교\학부수업\2022-2학기\임베디드시스템설계및실험\텀
#        프로젝트\smart_carrier\Debug\Obj\libraries\STM32F10x_StdPeriph_Driver_v3.5\src\stm32f10x_dac.o"
#        "C:\Users\손재성\SynologyDrive\부산대학교\학부수업\2022-2학기\임베디드시스템설계및실험\텀
#        프로젝트\smart_carrier\Debug\Obj\libraries\STM32F10x_StdPeriph_Driver_v3.5\src\stm32f10x_dbgmcu.o"
#        "C:\Users\손재성\SynologyDrive\부산대학교\학부수업\2022-2학기\임베디드시스템설계및실험\텀
#        프로젝트\smart_carrier\Debug\Obj\libraries\STM32F10x_StdPeriph_Driver_v3.5\src\stm32f10x_dma.o"
#        "C:\Users\손재성\SynologyDrive\부산대학교\학부수업\2022-2학기\임베디드시스템설계및실험\텀
#        프로젝트\smart_carrier\Debug\Obj\libraries\STM32F10x_StdPeriph_Driver_v3.5\src\stm32f10x_exti.o"
#        "C:\Users\손재성\SynologyDrive\부산대학교\학부수업\2022-2학기\임베디드시스템설계및실험\텀
#        프로젝트\smart_carrier\Debug\Obj\libraries\STM32F10x_StdPeriph_Driver_v3.5\src\stm32f10x_flash.o"
#        "C:\Users\손재성\SynologyDrive\부산대학교\학부수업\2022-2학기\임베디드시스템설계및실험\텀
#        프로젝트\smart_carrier\Debug\Obj\libraries\STM32F10x_StdPeriph_Driver_v3.5\src\stm32f10x_fsmc.o"
#        "C:\Users\손재성\SynologyDrive\부산대학교\학부수업\2022-2학기\임베디드시스템설계및실험\텀
#        프로젝트\smart_carrier\Debug\Obj\libraries\STM32F10x_StdPeriph_Driver_v3.5\src\stm32f10x_gpio.o"
#        "C:\Users\손재성\SynologyDrive\부산대학교\학부수업\2022-2학기\임베디드시스템설계및실험\텀
#        프로젝트\smart_carrier\Debug\Obj\libraries\STM32F10x_StdPeriph_Driver_v3.5\src\stm32f10x_i2c.o"
#        "C:\Users\손재성\SynologyDrive\부산대학교\학부수업\2022-2학기\임베디드시스템설계및실험\텀
#        프로젝트\smart_carrier\Debug\Obj\user\stm32f10x_it.o"
#        "C:\Users\손재성\SynologyDrive\부산대학교\학부수업\2022-2학기\임베디드시스템설계및실험\텀
#        프로젝트\smart_carrier\Debug\Obj\libraries\STM32F10x_StdPeriph_Driver_v3.5\src\stm32f10x_iwdg.o"
#        "C:\Users\손재성\SynologyDrive\부산대학교\학부수업\2022-2학기\임베디드시스템설계및실험\텀
#        프로젝트\smart_carrier\Debug\Obj\libraries\STM32F10x_StdPeriph_Driver_v3.5\src\stm32f10x_pwr.o"
#        "C:\Users\손재성\SynologyDrive\부산대학교\학부수업\2022-2학기\임베디드시스템설계및실험\텀
#        프로젝트\smart_carrier\Debug\Obj\libraries\STM32F10x_StdPeriph_Driver_v3.5\src\stm32f10x_rcc.o"
#        "C:\Users\손재성\SynologyDrive\부산대학교\학부수업\2022-2학기\임베디드시스템설계및실험\텀
#        프로젝트\smart_carrier\Debug\Obj\libraries\STM32F10x_StdPeriph_Driver_v3.5\src\stm32f10x_rtc.o"
#        "C:\Users\손재성\SynologyDrive\부산대학교\학부수업\2022-2학기\임베디드시스템설계및실험\텀
#        프로젝트\smart_carrier\Debug\Obj\libraries\STM32F10x_StdPeriph_Driver_v3.5\src\stm32f10x_sdio.o"
#        "C:\Users\손재성\SynologyDrive\부산대학교\학부수업\2022-2학기\임베디드시스템설계및실험\텀
#        프로젝트\smart_carrier\Debug\Obj\libraries\STM32F10x_StdPeriph_Driver_v3.5\src\stm32f10x_spi.o"
#        "C:\Users\손재성\SynologyDrive\부산대학교\학부수업\2022-2학기\임베디드시스템설계및실험\텀
#        프로젝트\smart_carrier\Debug\Obj\libraries\STM32F10x_StdPeriph_Driver_v3.5\src\stm32f10x_tim.o"
#        "C:\Users\손재성\SynologyDrive\부산대학교\학부수업\2022-2학기\임베디드시스템설계및실험\텀
#        프로젝트\smart_carrier\Debug\Obj\libraries\STM32F10x_StdPeriph_Driver_v3.5\src\stm32f10x_usart.o"
#        "C:\Users\손재성\SynologyDrive\부산대학교\학부수업\2022-2학기\임베디드시스템설계및실험\텀
#        프로젝트\smart_carrier\Debug\Obj\libraries\STM32F10x_StdPeriph_Driver_v3.5\src\stm32f10x_wwdg.o"
#        "C:\Users\손재성\SynologyDrive\부산대학교\학부수업\2022-2학기\임베디드시스템설계및실험\텀
#        프로젝트\smart_carrier\Debug\Obj\libraries\CMSIS\DeviceSupport\system_stm32f10x.o"
#        --no_out_extension -o
#        "C:\Users\손재성\SynologyDrive\부산대학교\학부수업\2022-2학기\임베디드시스템설계및실험\텀
#        프로젝트\smart_carrier\Debug\Exe\term_project.out" --map
#        "C:\Users\손재성\SynologyDrive\부산대학교\학부수업\2022-2학기\임베디드시스템설계및실험\텀
#        프로젝트\smart_carrier\Debug\List\term_project.map" --log
#        libraries,initialization,modules,redirects,sections,veneers,unused_fragments,call_graph
#        --log_file
#        "C:\Users\손재성\SynologyDrive\부산대학교\학부수업\2022-2학기\임베디드시스템설계및실험\텀
#        프로젝트\smart_carrier\Debug\List\term_project.log" --config "C:\Program
#        Files\IAR Systems\Embedded Workbench
#        9.1\arm/config/linker/ST/stm32f107xC.icf" --semihosting --entry
#        __iar_program_start --vfe --text_out locale --cpu=Cortex-M3
#        --fpu=None)
#
###############################################################################

*******************************************************************************
*** RUNTIME MODEL ATTRIBUTES
***

CppFlavor       = *
__CPP_Runtime   = 1
__SystemLibrary = DLib
__dlib_version  = 6


*******************************************************************************
*** HEAP SELECTION
***

The basic heap was selected because --advanced_heap
was not specified and the application did not appear to
be primarily optimized for speed.


*******************************************************************************
*** PLACEMENT SUMMARY
***

"A0":  place at address 0x800'0000 { ro section .intvec };
"P1":  place in [from 0x800'0000 to 0x803'ffff] { ro };
define block CSTACK with size = 4K, alignment = 8 { };
define block HEAP with size = 4K, alignment = 8 { };
"P2":  place in [from 0x2000'0000 to 0x2000'ffff] {
          rw, block CSTACK, block HEAP };
initialize by copy { rw };

  Section            Kind         Address    Size  Object
  -------            ----         -------    ----  ------
"A0":                                       0x150
  .intvec            ro code   0x800'0000   0x150  startup_stm32f10x_cl.o [2]
                             - 0x800'0150   0x150

"P1":                                      0x2eb7
  .text              ro code   0x800'0150   0xe8e  xprintffull_nomb.o [5]
  .text              ro code   0x800'0fde    0x3a  packbits_init_single.o [7]
  .text              ro code   0x800'1018    0x16  strchr.o [7]
  .text              ro code   0x800'1030    0x40  xfail_s.o [5]
  .text              ro code   0x800'1070    0x36  strlen.o [7]
  .text              ro code   0x800'10a8    0x58  memchr.o [7]
  .text              ro code   0x800'1100    0xa6  ABImemcpy.o [7]
  .text              ro code   0x800'11a8    0x70  frexp.o [6]
  .text              ro code   0x800'1218    0x34  DblCmpLe.o [6]
  .text              ro code   0x800'124c    0x34  DblCmpGe.o [6]
  .text              ro code   0x800'1280   0x13a  ldexp.o [6]
  .text              ro code   0x800'13bc    0x36  DblToS32.o [6]
  .text              ro code   0x800'13f4    0x22  S32ToDbl.o [6]
  .text              ro code   0x800'1418   0x24e  DblAddSub.o [6]
  .text              ro code   0x800'1668   0x246  DblDiv.o [6]
  .text              ro code   0x800'18b0    0x22  DblToU32.o [6]
  .text              ro code   0x800'18d4    0x1c  U32ToDbl.o [6]
  .text              ro code   0x800'18f0   0x1aa  DblMul.o [6]
  .text              ro code   0x800'1a9c   0x230  I64DivMod.o [7]
  .text              ro code   0x800'1ccc     0x6  abort.o [5]
  .text              ro code   0x800'1cd4     0x2  I64DivZer.o [7]
  .text              ro code   0x800'1cd8    0x14  exit.o [8]
  .text              ro code   0x800'1cec    0x7c  iarttio.o [8]
  .text              ro code   0x800'1d68     0x8  XShttio.o [5]
  .text              ro code   0x800'1d70   0x510  main.o [4]
  .text              ro code   0x800'2280   0x16c  stm32f10x_rcc.o [3]
  .text              ro code   0x800'23ec    0xc2  stm32f10x_gpio.o [3]
  .text              ro code   0x800'24b0   0x1a6  stm32f10x_usart.o [3]
  .text              ro code   0x800'2658   0x180  stm32f10x_dma.o [3]
  .text              ro code   0x800'27d8   0x2a4  stm32f10x_tim.o [3]
  .text              ro code   0x800'2a7c    0x80  misc.o [3]
  .text              ro code   0x800'2afc   0x150  system_stm32f10x.o [1]
  .text              ro code   0x800'2c4c    0x28  printf.o [5]
  .text              ro code   0x800'2c74    0x28  data_init.o [7]
  .text              ro code   0x800'2c9c    0x22  iarwrite.o [8]
  .iar.init_table    const     0x800'2cc0    0x10  - Linker created -
  .text              ro code   0x800'2cd0    0x20  putchar.o [5]
  .text              ro code   0x800'2cf0    0x10  write.o [8]
  .text              ro code   0x800'2d00    0x1e  dwrite.o [8]
  .text              ro code   0x800'2d1e    0x20  iarwstd.o [8]
  .text              ro code   0x800'2d40    0x1e  cmain.o [7]
  .text              ro code   0x800'2d5e     0x4  low_level_init.o [5]
  .text              ro code   0x800'2d62     0x4  exit.o [5]
  .text              ro code   0x800'2d68     0xa  cexit.o [7]
  .rodata            const     0x800'2d74    0x1c  main.o [4]
  .rodata            const     0x800'2d90    0x1c  main.o [4]
  .rodata            const     0x800'2dac    0x1c  main.o [4]
  .rodata            const     0x800'2dc8    0x1c  main.o [4]
  .rodata            const     0x800'2de4    0x1c  main.o [4]
  .text              ro code   0x800'2e00    0x1c  cstartup_M.o [7]
  .rodata            const     0x800'2e1c    0x18  main.o [4]
  .rodata            const     0x800'2e34    0x18  main.o [4]
  .rodata            const     0x800'2e4c    0x18  main.o [4]
  .rodata            const     0x800'2e64    0x18  main.o [4]
  .rodata            const     0x800'2e7c    0x18  main.o [4]
  .text              ro code   0x800'2e94    0x16  xprout.o [5]
  .text              ro code   0x800'2eaa    0x12  stm32f10x_it.o [4]
  .text              ro code   0x800'2ebc    0x10  startup_stm32f10x_cl.o [2]
  .rodata            const     0x800'2ecc     0xc  main.o [4]
  .text              ro code   0x800'2ed8     0x4  startup_stm32f10x_cl.o [2]
  .text              ro code   0x800'2edc     0x4  startup_stm32f10x_cl.o [2]
  .text              ro code   0x800'2ee0     0x4  startup_stm32f10x_cl.o [2]
  .text              ro code   0x800'2ee4     0x4  startup_stm32f10x_cl.o [2]
  .text              ro code   0x800'2ee8     0x4  startup_stm32f10x_cl.o [2]
  .text              ro code   0x800'2eec     0x4  startup_stm32f10x_cl.o [2]
  .text              ro code   0x800'2ef0     0x4  startup_stm32f10x_cl.o [2]
  .text              ro code   0x800'2ef4     0x4  startup_stm32f10x_cl.o [2]
  .text              ro code   0x800'2ef8     0x4  startup_stm32f10x_cl.o [2]
  .text              ro code   0x800'2efc     0x4  startup_stm32f10x_cl.o [2]
  .text              ro code   0x800'2f00     0x4  startup_stm32f10x_cl.o [2]
  .text              ro code   0x800'2f04     0x4  startup_stm32f10x_cl.o [2]
  .text              ro code   0x800'2f08     0x4  startup_stm32f10x_cl.o [2]
  .text              ro code   0x800'2f0c     0x4  startup_stm32f10x_cl.o [2]
  .text              ro code   0x800'2f10     0x4  startup_stm32f10x_cl.o [2]
  .text              ro code   0x800'2f14     0x4  startup_stm32f10x_cl.o [2]
  .text              ro code   0x800'2f18     0x4  startup_stm32f10x_cl.o [2]
  .text              ro code   0x800'2f1c     0x4  startup_stm32f10x_cl.o [2]
  .text              ro code   0x800'2f20     0x4  startup_stm32f10x_cl.o [2]
  .text              ro code   0x800'2f24     0x4  startup_stm32f10x_cl.o [2]
  .text              ro code   0x800'2f28     0x4  startup_stm32f10x_cl.o [2]
  .text              ro code   0x800'2f2c     0x4  startup_stm32f10x_cl.o [2]
  .text              ro code   0x800'2f30     0x4  startup_stm32f10x_cl.o [2]
  .text              ro code   0x800'2f34     0x4  startup_stm32f10x_cl.o [2]
  .text              ro code   0x800'2f38     0x4  startup_stm32f10x_cl.o [2]
  .text              ro code   0x800'2f3c     0x4  startup_stm32f10x_cl.o [2]
  .text              ro code   0x800'2f40     0x4  startup_stm32f10x_cl.o [2]
  .text              ro code   0x800'2f44     0x4  startup_stm32f10x_cl.o [2]
  .text              ro code   0x800'2f48     0x4  startup_stm32f10x_cl.o [2]
  .text              ro code   0x800'2f4c     0x4  startup_stm32f10x_cl.o [2]
  .text              ro code   0x800'2f50     0x4  startup_stm32f10x_cl.o [2]
  .text              ro code   0x800'2f54     0x4  startup_stm32f10x_cl.o [2]
  .text              ro code   0x800'2f58     0x4  startup_stm32f10x_cl.o [2]
  .text              ro code   0x800'2f5c     0x4  startup_stm32f10x_cl.o [2]
  .text              ro code   0x800'2f60     0x4  startup_stm32f10x_cl.o [2]
  .text              ro code   0x800'2f64     0x4  startup_stm32f10x_cl.o [2]
  .text              ro code   0x800'2f68     0x4  startup_stm32f10x_cl.o [2]
  .text              ro code   0x800'2f6c     0x4  startup_stm32f10x_cl.o [2]
  .text              ro code   0x800'2f70     0x4  startup_stm32f10x_cl.o [2]
  .text              ro code   0x800'2f74     0x4  startup_stm32f10x_cl.o [2]
  .text              ro code   0x800'2f78     0x4  startup_stm32f10x_cl.o [2]
  .text              ro code   0x800'2f7c     0x4  startup_stm32f10x_cl.o [2]
  .text              ro code   0x800'2f80     0x4  startup_stm32f10x_cl.o [2]
  .text              ro code   0x800'2f84     0x4  startup_stm32f10x_cl.o [2]
  .text              ro code   0x800'2f88     0x4  startup_stm32f10x_cl.o [2]
  .text              ro code   0x800'2f8c     0x4  startup_stm32f10x_cl.o [2]
  .text              ro code   0x800'2f90     0x4  startup_stm32f10x_cl.o [2]
  .text              ro code   0x800'2f94     0x4  startup_stm32f10x_cl.o [2]
  .text              ro code   0x800'2f98     0x4  startup_stm32f10x_cl.o [2]
  .text              ro code   0x800'2f9c     0x4  startup_stm32f10x_cl.o [2]
  .text              ro code   0x800'2fa0     0x4  startup_stm32f10x_cl.o [2]
  .text              ro code   0x800'2fa4     0x4  startup_stm32f10x_cl.o [2]
  .text              ro code   0x800'2fa8     0x4  startup_stm32f10x_cl.o [2]
  .text              ro code   0x800'2fac     0x4  startup_stm32f10x_cl.o [2]
  .text              ro code   0x800'2fb0     0x4  startup_stm32f10x_cl.o [2]
  .text              ro code   0x800'2fb4     0x4  startup_stm32f10x_cl.o [2]
  .text              ro code   0x800'2fb8     0x4  startup_stm32f10x_cl.o [2]
  .text              ro code   0x800'2fbc     0x4  startup_stm32f10x_cl.o [2]
  .text              ro code   0x800'2fc0     0x4  startup_stm32f10x_cl.o [2]
  .text              ro code   0x800'2fc4     0x4  startup_stm32f10x_cl.o [2]
  .text              ro code   0x800'2fc8     0x4  startup_stm32f10x_cl.o [2]
  .text              ro code   0x800'2fcc     0x4  startup_stm32f10x_cl.o [2]
  .text              ro code   0x800'2fd0     0x4  startup_stm32f10x_cl.o [2]
  .text              ro code   0x800'2fd4     0x4  startup_stm32f10x_cl.o [2]
  .text              ro code   0x800'2fd8     0x4  startup_stm32f10x_cl.o [2]
  .text              ro code   0x800'2fdc     0x4  startup_stm32f10x_cl.o [2]
  .text              ro code   0x800'2fe0     0x4  startup_stm32f10x_cl.o [2]
  .text              ro code   0x800'2fe4     0x4  startup_stm32f10x_cl.o [2]
  .text              ro code   0x800'2fe8     0x4  startup_stm32f10x_cl.o [2]
  .text              ro code   0x800'2fec     0x4  startup_stm32f10x_cl.o [2]
  .rodata            const     0x800'2ff0     0x0  packbits_init_single.o [7]
  Initializer bytes  const     0x800'2ff0    0x17  <for P2-1>
                             - 0x800'3007  0x2eb7

"P2", part 1 of 2:                           0x28
  P2-1                        0x2000'0000    0x28  <Init block>
    .data            inited   0x2000'0000    0x10  stm32f10x_rcc.o [3]
    .data            inited   0x2000'0010     0x4  stm32f10x_rcc.o [3]
    .data            inited   0x2000'0014     0x8  XShttio.o [5]
    .bss             inited   0x2000'001c     0x4  main.o [4]
    .bss             inited   0x2000'0020     0x4  main.o [4]
    .bss             inited   0x2000'0024     0x4  xfail_s.o [5]
                            - 0x2000'0028    0x28

"P2", part 2 of 2:                         0x1000
  CSTACK                      0x2000'0028  0x1000  <Block>
    CSTACK           uninit   0x2000'0028  0x1000  <Block tail>
                            - 0x2000'1028  0x1000

Unused ranges:

         From           To      Size
         ----           --      ----
   0x800'3007   0x803'ffff  0x3'cff9
  0x2000'1028  0x2000'ffff    0xefd8


*******************************************************************************
*** INIT TABLE
***

          Address      Size
          -------      ----
Copy/packbits (__iar_packbits_init_single3)
    1 source range, total size 0x17 (57% of destination):
           0x800'2ff0  0x17
    1 destination range, total size 0x28:
          0x2000'0000  0x28



*******************************************************************************
*** MODULE SUMMARY
***

    Module                  ro code  ro data  rw data
    ------                  -------  -------  -------
command line/config:
    -------------------------------------------------
    Total:

C:\Users\손재성\SynologyDrive\부산대학교\학부수업\2022-2학기\임베디드시스템설계및실험\텀 프로젝트\smart_carrier\Debug\Obj\libraries\CMSIS\DeviceSupport: [1]
    system_stm32f10x.o          336
    -------------------------------------------------
    Total:                      336

C:\Users\손재성\SynologyDrive\부산대학교\학부수업\2022-2학기\임베디드시스템설계및실험\텀 프로젝트\smart_carrier\Debug\Obj\libraries\CMSIS\DeviceSupport\Startup: [2]
    startup_stm32f10x_cl.o      632
    -------------------------------------------------
    Total:                      632

C:\Users\손재성\SynologyDrive\부산대학교\학부수업\2022-2학기\임베디드시스템설계및실험\텀 프로젝트\smart_carrier\Debug\Obj\libraries\STM32F10x_StdPeriph_Driver_v3.5\src: [3]
    misc.o                      128
    stm32f10x_dma.o             384
    stm32f10x_gpio.o            194
    stm32f10x_rcc.o             364       11       20
    stm32f10x_tim.o             676
    stm32f10x_usart.o           422
    -------------------------------------------------
    Total:                    2'168       11       20

C:\Users\손재성\SynologyDrive\부산대학교\학부수업\2022-2학기\임베디드시스템설계및실험\텀 프로젝트\smart_carrier\Debug\Obj\user: [4]
    main.o                    1'296      276        8
    stm32f10x_it.o               18
    -------------------------------------------------
    Total:                    1'314      276        8

dl7M_tln.a: [5]
    XShttio.o                     8        5        8
    abort.o                       6
    exit.o                        4
    low_level_init.o              4
    printf.o                     40
    putchar.o                    32
    xfail_s.o                    64        3        4
    xprintffull_nomb.o        3'726
    xprout.o                     22
    -------------------------------------------------
    Total:                    3'906        8       12

m7M_tl.a: [6]
    DblAddSub.o                 590
    DblCmpGe.o                   52
    DblCmpLe.o                   52
    DblDiv.o                    582
    DblMul.o                    426
    DblToS32.o                   54
    DblToU32.o                   34
    S32ToDbl.o                   34
    U32ToDbl.o                   28
    frexp.o                     112
    ldexp.o                     314
    -------------------------------------------------
    Total:                    2'278

rt7M_tl.a: [7]
    ABImemcpy.o                 166
    I64DivMod.o                 560
    I64DivZer.o                   2
    cexit.o                      10
    cmain.o                      30
    cstartup_M.o                 28
    data_init.o                  40
    memchr.o                     88
    packbits_init_single.o       58
    strchr.o                     22
    strlen.o                     54
    -------------------------------------------------
    Total:                    1'058

shb_l.a: [8]
    dwrite.o                     30
    exit.o                       20
    iarttio.o                   124
    iarwrite.o                   34
    iarwstd.o                    32
    write.o                      16
    -------------------------------------------------
    Total:                      256

    Gaps                         32        4
    Linker created                        16    4'096
-----------------------------------------------------
    Grand Total:             11'980      315    4'136


*******************************************************************************
*** ENTRY LIST
***

Entry                       Address   Size  Type      Object
-----                       -------   ----  ----      ------
.iar.init_table$$Base    0x800'2cc0          --   Gb  - Linker created -
.iar.init_table$$Limit   0x800'2cd0          --   Gb  - Linker created -
?main                    0x800'2d41         Code  Gb  cmain.o [7]
ADC1_2_IRQHandler        0x800'2f45         Code  Wk  startup_stm32f10x_cl.o [2]
ADCPrescTable           0x2000'0010    0x4  Data  Lc  stm32f10x_rcc.o [3]
APBAHBPrescTable        0x2000'0000   0x10  Data  Lc  stm32f10x_rcc.o [3]
BusFault_Handler         0x800'2eb1    0x2  Code  Gb  stm32f10x_it.o [4]
CAN1_RX0_IRQHandler      0x800'2f4d         Code  Wk  startup_stm32f10x_cl.o [2]
CAN1_RX1_IRQHandler      0x800'2f51         Code  Wk  startup_stm32f10x_cl.o [2]
CAN1_SCE_IRQHandler      0x800'2f55         Code  Wk  startup_stm32f10x_cl.o [2]
CAN1_TX_IRQHandler       0x800'2f49         Code  Wk  startup_stm32f10x_cl.o [2]
CAN2_RX0_IRQHandler      0x800'2fe1         Code  Wk  startup_stm32f10x_cl.o [2]
CAN2_RX1_IRQHandler      0x800'2fe5         Code  Wk  startup_stm32f10x_cl.o [2]
CAN2_SCE_IRQHandler      0x800'2fe9         Code  Wk  startup_stm32f10x_cl.o [2]
CAN2_TX_IRQHandler       0x800'2fdd         Code  Wk  startup_stm32f10x_cl.o [2]
CSTACK$$Base            0x2000'0028          --   Gb  - Linker created -
CSTACK$$Limit           0x2000'1028          --   Gb  - Linker created -
DMA1_Channel1_IRQHandler
                         0x800'2f29         Code  Wk  startup_stm32f10x_cl.o [2]
DMA1_Channel2_IRQHandler
                         0x800'2f2d         Code  Wk  startup_stm32f10x_cl.o [2]
DMA1_Channel3_IRQHandler
                         0x800'2f31         Code  Wk  startup_stm32f10x_cl.o [2]
DMA1_Channel4_IRQHandler
                         0x800'2f35         Code  Wk  startup_stm32f10x_cl.o [2]
DMA1_Channel5_IRQHandler
                         0x800'2f39         Code  Wk  startup_stm32f10x_cl.o [2]
DMA1_Channel6_IRQHandler
                         0x800'2f3d         Code  Wk  startup_stm32f10x_cl.o [2]
DMA1_Channel7_IRQHandler
                         0x800'2f41         Code  Wk  startup_stm32f10x_cl.o [2]
DMA1_Configure           0x800'1f83   0x58  Code  Gb  main.o [4]
DMA2_Channel1_IRQHandler
                         0x800'2fc1         Code  Wk  startup_stm32f10x_cl.o [2]
DMA2_Channel2_IRQHandler
                         0x800'2fc5         Code  Wk  startup_stm32f10x_cl.o [2]
DMA2_Channel3_IRQHandler
                         0x800'2fc9         Code  Wk  startup_stm32f10x_cl.o [2]
DMA2_Channel4_IRQHandler
                         0x800'2fcd         Code  Wk  startup_stm32f10x_cl.o [2]
DMA2_Channel5_IRQHandler
                         0x800'2fd1         Code  Wk  startup_stm32f10x_cl.o [2]
DMA_Cmd                  0x800'2783   0x1c  Code  Gb  stm32f10x_dma.o [3]
DMA_DeInit               0x800'2659   0xf2  Code  Gb  stm32f10x_dma.o [3]
DMA_Init                 0x800'274b   0x38  Code  Gb  stm32f10x_dma.o [3]
DebugMon_Handler         0x800'2eb7    0x2  Code  Gb  stm32f10x_it.o [4]
ETH_IRQHandler           0x800'2fd5         Code  Wk  startup_stm32f10x_cl.o [2]
ETH_WKUP_IRQHandler      0x800'2fd9         Code  Wk  startup_stm32f10x_cl.o [2]
EXTI0_IRQHandler         0x800'2f15         Code  Wk  startup_stm32f10x_cl.o [2]
EXTI15_10_IRQHandler     0x800'2f9d         Code  Wk  startup_stm32f10x_cl.o [2]
EXTI1_IRQHandler         0x800'2f19         Code  Wk  startup_stm32f10x_cl.o [2]
EXTI2_IRQHandler         0x800'2f1d         Code  Wk  startup_stm32f10x_cl.o [2]
EXTI3_IRQHandler         0x800'2f21         Code  Wk  startup_stm32f10x_cl.o [2]
EXTI4_IRQHandler         0x800'2f25         Code  Wk  startup_stm32f10x_cl.o [2]
EXTI9_5_IRQHandler       0x800'2f59         Code  Wk  startup_stm32f10x_cl.o [2]
FLASH_IRQHandler         0x800'2f0d         Code  Wk  startup_stm32f10x_cl.o [2]
GPIO_Configure           0x800'1df3  0x100  Code  Gb  main.o [4]
GPIO_Init                0x800'23ed   0xc2  Code  Gb  stm32f10x_gpio.o [3]
HardFault_Handler        0x800'2ead    0x2  Code  Gb  stm32f10x_it.o [4]
I2C1_ER_IRQHandler       0x800'2f7d         Code  Wk  startup_stm32f10x_cl.o [2]
I2C1_EV_IRQHandler       0x800'2f79         Code  Wk  startup_stm32f10x_cl.o [2]
I2C2_ER_IRQHandler       0x800'2f85         Code  Wk  startup_stm32f10x_cl.o [2]
I2C2_EV_IRQHandler       0x800'2f81         Code  Wk  startup_stm32f10x_cl.o [2]
MemManage_Handler        0x800'2eaf    0x2  Code  Gb  stm32f10x_it.o [4]
NMI_Handler              0x800'2eab    0x2  Code  Gb  stm32f10x_it.o [4]
NVIC_Configure           0x800'20d5   0x54  Code  Gb  main.o [4]
NVIC_Init                0x800'2a87   0x60  Code  Gb  misc.o [3]
NVIC_PriorityGroupConfig
                         0x800'2a7d    0xa  Code  Gb  misc.o [3]
OTG_FS_IRQHandler        0x800'2fed         Code  Wk  startup_stm32f10x_cl.o [2]
OTG_FS_WKUP_IRQHandler   0x800'2fa5         Code  Wk  startup_stm32f10x_cl.o [2]
PVD_IRQHandler           0x800'2f01         Code  Wk  startup_stm32f10x_cl.o [2]
PendSV_Handler           0x800'2eb9    0x2  Code  Gb  stm32f10x_it.o [4]
RCC_AHBPeriphClockCmd    0x800'236f   0x1c  Code  Gb  stm32f10x_rcc.o [3]
RCC_APB1PeriphClockCmd   0x800'23a7   0x1c  Code  Gb  stm32f10x_rcc.o [3]
RCC_APB2PeriphClockCmd   0x800'238b   0x1c  Code  Gb  stm32f10x_rcc.o [3]
RCC_Configure            0x800'1d8f   0x64  Code  Gb  main.o [4]
RCC_GetClocksFreq        0x800'2281   0xee  Code  Gb  stm32f10x_rcc.o [3]
RCC_IRQHandler           0x800'2f11         Code  Wk  startup_stm32f10x_cl.o [2]
RTCAlarm_IRQHandler      0x800'2fa1         Code  Wk  startup_stm32f10x_cl.o [2]
RTC_IRQHandler           0x800'2f09         Code  Wk  startup_stm32f10x_cl.o [2]
Region$$Table$$Base      0x800'2cc0          --   Gb  - Linker created -
Region$$Table$$Limit     0x800'2cd0          --   Gb  - Linker created -
Reset_Handler            0x800'2ebd         Code  Wk  startup_stm32f10x_cl.o [2]
SPI1_IRQHandler          0x800'2f89         Code  Wk  startup_stm32f10x_cl.o [2]
SPI2_IRQHandler          0x800'2f8d         Code  Wk  startup_stm32f10x_cl.o [2]
SPI3_IRQHandler          0x800'2fad         Code  Wk  startup_stm32f10x_cl.o [2]
SVC_Handler              0x800'2eb5    0x2  Code  Gb  stm32f10x_it.o [4]
SetSysClock              0x800'2b4f    0x8  Code  Lc  system_stm32f10x.o [1]
SetSysClockTo72          0x800'2b57   0xd2  Code  Lc  system_stm32f10x.o [1]
SysTick_Handler          0x800'2ebb    0x2  Code  Gb  stm32f10x_it.o [4]
SystemInit               0x800'2afd   0x52  Code  Gb  system_stm32f10x.o [1]
TAMPER_IRQHandler        0x800'2f05         Code  Wk  startup_stm32f10x_cl.o [2]
TIM1_BRK_IRQHandler      0x800'2f5d         Code  Wk  startup_stm32f10x_cl.o [2]
TIM1_CC_IRQHandler       0x800'2f69         Code  Wk  startup_stm32f10x_cl.o [2]
TIM1_TRG_COM_IRQHandler
                         0x800'2f65         Code  Wk  startup_stm32f10x_cl.o [2]
TIM1_UP_IRQHandler       0x800'2f61         Code  Wk  startup_stm32f10x_cl.o [2]
TIM2_Configure           0x800'1fdb   0x6e  Code  Gb  main.o [4]
TIM2_IRQHandler          0x800'2f6d         Code  Wk  startup_stm32f10x_cl.o [2]
TIM3_Configure           0x800'2049   0x8c  Code  Gb  main.o [4]
TIM3_IRQHandler          0x800'2f71         Code  Wk  startup_stm32f10x_cl.o [2]
TIM4_IRQHandler          0x800'2f75         Code  Wk  startup_stm32f10x_cl.o [2]
TIM5_IRQHandler          0x800'2fa9         Code  Wk  startup_stm32f10x_cl.o [2]
TIM6_IRQHandler          0x800'2fb9         Code  Wk  startup_stm32f10x_cl.o [2]
TIM7_IRQHandler          0x800'2fbd         Code  Wk  startup_stm32f10x_cl.o [2]
TIM_ARRPreloadConfig     0x800'2a01   0x1c  Code  Gb  stm32f10x_tim.o [3]
TIM_Cmd                  0x800'29e5   0x1c  Code  Gb  stm32f10x_tim.o [3]
TIM_OC2Init              0x800'286b   0x8a  Code  Gb  stm32f10x_tim.o [3]
TIM_OC2PreloadConfig     0x800'2a1d   0x12  Code  Gb  stm32f10x_tim.o [3]
TIM_OC3Init              0x800'28f5   0x88  Code  Gb  stm32f10x_tim.o [3]
TIM_OC3PreloadConfig     0x800'2a2f   0x10  Code  Gb  stm32f10x_tim.o [3]
TIM_OC4Init              0x800'297d   0x68  Code  Gb  stm32f10x_tim.o [3]
TIM_OC4PreloadConfig     0x800'2a3f   0x12  Code  Gb  stm32f10x_tim.o [3]
TIM_TimeBaseInit         0x800'27d9   0x92  Code  Gb  stm32f10x_tim.o [3]
UART4_IRQHandler         0x800'2fb1         Code  Wk  startup_stm32f10x_cl.o [2]
UART5_IRQHandler         0x800'2fb5         Code  Wk  startup_stm32f10x_cl.o [2]
USART1_IRQHandler        0x800'2129   0x2e  Code  Gb  main.o [4]
USART1_Init              0x800'1ef3   0x48  Code  Gb  main.o [4]
USART2_IRQHandler        0x800'2157   0x62  Code  Gb  main.o [4]
USART2_Init              0x800'1f3b   0x48  Code  Gb  main.o [4]
USART3_IRQHandler        0x800'2f99         Code  Wk  startup_stm32f10x_cl.o [2]
USART_ClearITPendingBit
                         0x800'2641   0x16  Code  Gb  stm32f10x_usart.o [3]
USART_Cmd                0x800'2571   0x1c  Code  Gb  stm32f10x_usart.o [3]
USART_GetITStatus        0x800'25e7   0x5a  Code  Gb  stm32f10x_usart.o [3]
USART_ITConfig           0x800'258d   0x4a  Code  Gb  stm32f10x_usart.o [3]
USART_Init               0x800'24b1   0xba  Code  Gb  stm32f10x_usart.o [3]
USART_ReceiveData        0x800'25df    0x8  Code  Gb  stm32f10x_usart.o [3]
USART_SendData           0x800'25d7    0x8  Code  Gb  stm32f10x_usart.o [3]
UsageFault_Handler       0x800'2eb3    0x2  Code  Gb  stm32f10x_it.o [4]
WWDG_IRQHandler          0x800'2efd         Code  Wk  startup_stm32f10x_cl.o [2]
_LC                      0x800'0151    0x6  Code  Lc  xprintffull_nomb.o [5]
_LitobFullNoMb           0x800'0de1  0x114  Code  Lc  xprintffull_nomb.o [5]
_PrintfFullNoMb          0x800'0157  0xc76  Code  Gb  xprintffull_nomb.o [5]
_Prout                   0x800'2e95   0x16  Code  Gb  xprout.o [5]
_PutcharsFullNoMb        0x800'0f4d   0x2e  Code  Lc  xprintffull_nomb.o [5]
__NVIC_EnableIRQ         0x800'1d71   0x1e  Code  Lc  main.o [4]
__aeabi_cdcmple          0x800'1219         Code  Gb  DblCmpLe.o [6]
__aeabi_cdrcmple         0x800'124d         Code  Gb  DblCmpGe.o [6]
__aeabi_d2iz             0x800'13bd         Code  Gb  DblToS32.o [6]
__aeabi_d2uiz            0x800'18b1         Code  Gb  DblToU32.o [6]
__aeabi_ddiv             0x800'1669         Code  Gb  DblDiv.o [6]
__aeabi_dmul             0x800'18f1         Code  Gb  DblMul.o [6]
__aeabi_dsub             0x800'1585         Code  Gb  DblAddSub.o [6]
__aeabi_i2d              0x800'13f5         Code  Gb  S32ToDbl.o [6]
__aeabi_ldiv0            0x800'1cd5         Code  Gb  I64DivZer.o [7]
__aeabi_memcpy           0x800'1101         Code  Gb  ABImemcpy.o [7]
__aeabi_memcpy4          0x800'1121         Code  Gb  ABImemcpy.o [7]
__aeabi_memcpy8          0x800'1121         Code  Gb  ABImemcpy.o [7]
__aeabi_ui2d             0x800'18d5         Code  Gb  U32ToDbl.o [6]
__aeabi_uldivmod         0x800'1a9d         Code  Gb  I64DivMod.o [7]
__cmain                  0x800'2d41         Code  Gb  cmain.o [7]
__dwrite                 0x800'2d01   0x1e  Code  Gb  dwrite.o [8]
__exit                   0x800'1cd9   0x14  Code  Gb  exit.o [8]
__iar_Fail_s             0x800'1031   0x1c  Code  Gb  xfail_s.o [5]
__iar_Memchr             0x800'10a9         Code  Gb  memchr.o [7]
__iar_Strchr             0x800'1019         Code  Gb  strchr.o [7]
__iar_close_ttio         0x800'1ced   0x2c  Code  Gb  iarttio.o [8]
__iar_data_init3         0x800'2c75   0x28  Code  Gb  data_init.o [7]
__iar_frexp              0x800'11b5         Code  Gb  frexp.o [6]
__iar_frexp64            0x800'11a9         Code  Gb  frexp.o [6]
__iar_frexpl             0x800'11b5         Code  Gb  frexp.o [6]
__iar_get_ttio           0x800'1d19   0x4c  Code  Gb  iarttio.o [8]
__iar_ldexp64            0x800'1281         Code  Gb  ldexp.o [6]
__iar_lookup_ttioh       0x800'1d69    0x8  Code  Gb  XShttio.o [5]
__iar_packbits_init_single3
                         0x800'0fdf   0x3a  Code  Gb  packbits_init_single.o [7]
__iar_program_start      0x800'2e01         Code  Gb  cstartup_M.o [7]
__iar_scalbln64          0x800'1281         Code  Gb  ldexp.o [6]
__iar_scalbn64           0x800'1281         Code  Gb  ldexp.o [6]
__iar_sh_stdout          0x800'2d1f   0x20  Code  Gb  iarwstd.o [8]
__iar_sh_write           0x800'2c9d   0x22  Code  Gb  iarwrite.o [8]
__iar_ttio_handles      0x2000'0014    0x8  Data  Lc  XShttio.o [5]
__low_level_init         0x800'2d5f    0x4  Code  Gb  low_level_init.o [5]
__vector_table           0x800'0000         Data  Gb  startup_stm32f10x_cl.o [2]
__write                  0x800'2cf1   0x10  Code  Gb  write.o [8]
_call_main               0x800'2d4d         Code  Gb  cmain.o [7]
_exit                    0x800'2d69         Code  Gb  cexit.o [7]
abort                    0x800'1ccd    0x6  Code  Gb  abort.o [5]
distance                0x2000'001c    0x4  Data  Gb  main.o [4]
exit                     0x800'2d63    0x4  Code  Gb  exit.o [5]
frexp                    0x800'11a9         Code  Gb  frexp.o [6]
frexpl                   0x800'11a9         Code  Gb  frexp.o [6]
interval_index          0x2000'0020    0x4  Data  Gb  main.o [4]
ldexp                    0x800'1281         Code  Gb  ldexp.o [6]
ldexpl                   0x800'1281         Code  Gb  ldexp.o [6]
main                     0x800'21b9   0x6c  Code  Gb  main.o [4]
memchr                   0x800'10a9         Code  Gb  memchr.o [7]
printf                   0x800'2c4d   0x28  Code  Gb  printf.o [5]
putchar                  0x800'2cd1   0x20  Code  Gb  putchar.o [5]
scalbln                  0x800'1281         Code  Gb  ldexp.o [6]
scalblnl                 0x800'1281         Code  Gb  ldexp.o [6]
scalbn                   0x800'1281         Code  Gb  ldexp.o [6]
scalbnl                  0x800'1281         Code  Gb  ldexp.o [6]
scale                    0x800'0ef5   0x46  Code  Lc  xprintffull_nomb.o [5]
sec_hand                0x2000'0024    0x4  Data  Lc  xfail_s.o [5]
strchr                   0x800'1019         Code  Gb  strchr.o [7]
strlen                   0x800'1071         Code  Gb  strlen.o [7]


[1] = C:\Users\손재성\SynologyDrive\부산대학교\학부수업\2022-2학기\임베디드시스템설계및실험\텀 프로젝트\smart_carrier\Debug\Obj\libraries\CMSIS\DeviceSupport
[2] = C:\Users\손재성\SynologyDrive\부산대학교\학부수업\2022-2학기\임베디드시스템설계및실험\텀 프로젝트\smart_carrier\Debug\Obj\libraries\CMSIS\DeviceSupport\Startup
[3] = C:\Users\손재성\SynologyDrive\부산대학교\학부수업\2022-2학기\임베디드시스템설계및실험\텀 프로젝트\smart_carrier\Debug\Obj\libraries\STM32F10x_StdPeriph_Driver_v3.5\src
[4] = C:\Users\손재성\SynologyDrive\부산대학교\학부수업\2022-2학기\임베디드시스템설계및실험\텀 프로젝트\smart_carrier\Debug\Obj\user
[5] = dl7M_tln.a
[6] = m7M_tl.a
[7] = rt7M_tl.a
[8] = shb_l.a

  11'980 bytes of readonly  code memory
     315 bytes of readonly  data memory
   4'136 bytes of readwrite data memory

Errors: none
Warnings: none
